src/components/dashboard/recruitment/Charts.tsx(1,10): error TS6133: 'Line' is declared but its value is never read.
src/components/dashboard/recruitment/Charts.tsx(1,111): error TS6133: 'Legend' is declared but its value is never read.
src/components/Footer.tsx(2,1): error TS6133: 'Mail' is declared but its value is never read.
src/pages/auth/AdminLogin.tsx(6,11): error TS6133: 'theme' is declared but its value is never read.
src/pages/recruitment/hiring-managers/HiringManagerDashboard.tsx(26,60): error TS6133: 'onSwitch' is declared but its value is never read.
src/pages/recruitment/hiring-managers/HiringManagerDashboard.tsx(31,28): error TS6133: 'setSidebarCollapsed' is declared but its value is never read.
src/pages/recruitment/recruiter/RecruiterDashboard.tsx(153,27): error TS2345: Argument of type '{ id: any; name: any; role: any; department: string; seniority: any; source: string; stage: string; score: number; yearsExp: number; location: any; appliedAt: any; shortlistedAt: any; daysInPipeline: number; ... 11 more ...; interviewHistory: never[]; }[]' is not assignable to parameter of type 'SetStateAction<Candidate[]>'.
  Type '{ id: any; name: any; role: any; department: string; seniority: any; source: string; stage: string; score: number; yearsExp: number; location: any; appliedAt: any; shortlistedAt: any; daysInPipeline: number; ... 11 more ...; interviewHistory: never[]; }[]' is not assignable to type 'Candidate[]'.
    Type '{ id: any; name: any; role: any; department: string; seniority: any; source: string; stage: string; score: number; yearsExp: number; location: any; appliedAt: any; shortlistedAt: any; daysInPipeline: number; ... 11 more ...; interviewHistory: never[]; }' is not assignable to type 'Candidate'.
      Types of property 'department' are incompatible.
        Type 'string' is not assignable to type 'Department'.
src/pages/recruitment/recruiter/RecruiterDashboard.tsx(616,78): error TS6133: 'onSwitch' is declared but its value is never read.
